// Jest Snapshot v1, https://goo.gl/fbAQLP

exports[`renders languages section 1`] = `
<div
  className="StyledBox-sc-13pk1d4-0 kFdcfG"
>
  <h3
    className="StyledHeading-sc-1rdh4aw-0 jVEgcZ"
  >
    English: Native speaker
  </h3>
</div>
`;
