// Jest Snapshot v1, https://goo.gl/fbAQLP

exports[`renders references section 1`] = `
<div
  className="StyledBox-sc-13pk1d4-0 kFdcfG"
>
  <h3
    className="StyledHeading-sc-1rdh4aw-0 jVEgcZ"
  >
    Jane Doe
  </h3>
  <p
    className="StyledParagraph-tbetod-0 jzEULC"
  >
    Reference...
  </p>
</div>
`;
