// Jest Snapshot v1, https://goo.gl/fbAQLP

exports[`renders work section 1`] = `
<div
  className="StyledBox-sc-13pk1d4-0 kFdcfG"
>
  <h3
    className="StyledHeading-sc-1rdh4aw-0 jVEgcZ"
  >
    Company
  </h3>
  <div
    className="StyledBox-sc-13pk1d4-0 ffeAql"
  >
    <span
      className="StyledText-sc-1sadyjn-0 dndifk"
      size="medium"
    >
      Jan 2013 - Jan 2014
    </span>
  </div>
  <p
    className="StyledParagraph-tbetod-0 jzEULC"
  >
    Description...
  </p>
  <div
    className="StyledBox-sc-13pk1d4-0 IRSNj"
  >
    <span
      className="StyledText-sc-1sadyjn-0 dndifk"
      size="medium"
    >
      Highlights
    </span>
    <div
      className="StyledBox-sc-13pk1d4-0 dvQWRk"
    >
      <span
        className="StyledText-sc-1sadyjn-0 fWSbXS"
      >
        Started the company
      </span>
    </div>
  </div>
</div>
`;
