// Jest Snapshot v1, https://goo.gl/fbAQLP

exports[`renders description 1`] = `
<div
  className="StyledBox-sc-13pk1d4-0 kFdcfG"
>
  test
</div>
`;
