// Jest Snapshot v1, https://goo.gl/fbAQLP

exports[`renders secondary title 1`] = `
<h4
  className="StyledHeading-sc-1rdh4aw-0 hlZfma"
>
  test
</h4>
`;
