// Jest Snapshot v1, https://goo.gl/fbAQLP

exports[`renders section content element 1`] = `
<div
  className="StyledBox-sc-13pk1d4-0 jfnaIv"
>
  <div
    className="StyledBox-sc-13pk1d4-0 dViohz"
  >
    <div
      className="StyledBox-sc-13pk1d4-0 OaRuD"
    >
      test
    </div>
  </div>
</div>
`;
