// Jest Snapshot v1, https://goo.gl/fbAQLP

exports[`renders tag heading element 1`] = `
<span
  className="StyledText-sc-1sadyjn-0 dndifk"
  size="medium"
>
  test
</span>
`;
