// Jest Snapshot v1, https://goo.gl/fbAQLP

exports[`renders tag heading element 1`] = `null`;
